2025-05-14 15:52:58,938 - INFO - Dataset UD_Russian-Taiga | Language: ru | Original: True
2025-05-14 15:53:00,206 - INFO - Dropping examples where original text does not match original UPOSS. Dropped 3 examples.
2025-05-14 15:53:00,254 - INFO - Dropping examples where original text does not match original UPOSS. Dropped 0 examples.
2025-05-14 15:53:00,299 - INFO - Dropping examples where original text does not match original UPOSS. Dropped 0 examples.
2025-05-14 15:53:00,306 - INFO - ========================================
2025-05-14 15:53:00,307 - INFO - ========================================
2025-05-14 15:53:00,308 - INFO - ****************************************
2025-05-14 16:00:54,937 - INFO - Trial 0 | Params: {'learning_rate': 4.723965747219027e-05, 'batch_size': 8, 'num_train_epochs': 3, 'weight_decay': 0.028700311503530217} | Metrics: {'eval_loss': 0.4346681237220764, 'eval_precision': 0.8991478029426829, 'eval_recall': 0.9265122072922313, 'eval_f1': 0.9111252550730777, 'eval_accuracy': 0.9453946446095612, 'eval_runtime': 2.8901, 'eval_samples_per_second': 327.325, 'eval_steps_per_second': 41.175, 'epoch': 3.0}
2025-05-14 16:11:11,176 - INFO - Trial 1 | Params: {'learning_rate': 4.450970242869407e-06, 'batch_size': 8, 'num_train_epochs': 4, 'weight_decay': 0.0988000757803558} | Metrics: {'eval_loss': 0.45559051632881165, 'eval_precision': 0.9052773883597783, 'eval_recall': 0.9232472726650138, 'eval_f1': 0.911582813622866, 'eval_accuracy': 0.9474274498808356, 'eval_runtime': 2.8906, 'eval_samples_per_second': 327.266, 'eval_steps_per_second': 41.168, 'epoch': 4.0}
2025-05-14 16:23:18,874 - INFO - Trial 2 | Params: {'learning_rate': 1.1750195943299122e-06, 'batch_size': 16, 'num_train_epochs': 6, 'weight_decay': 0.0783485621025314} | Metrics: {'eval_loss': 0.43711838126182556, 'eval_precision': 0.9071072188309776, 'eval_recall': 0.9260757005414184, 'eval_f1': 0.9140377900363529, 'eval_accuracy': 0.9486891910836955, 'eval_runtime': 2.7597, 'eval_samples_per_second': 342.791, 'eval_steps_per_second': 21.741, 'epoch': 6.0}
2025-05-14 16:32:00,573 - INFO - Trial 3 | Params: {'learning_rate': 4.4538653275769234e-05, 'batch_size': 32, 'num_train_epochs': 5, 'weight_decay': 0.012893112011000383} | Metrics: {'eval_loss': 0.3750014305114746, 'eval_precision': 0.8934040217570002, 'eval_recall': 0.9289637918633328, 'eval_f1': 0.9079673484016854, 'eval_accuracy': 0.9432216458713024, 'eval_runtime': 2.6206, 'eval_samples_per_second': 360.984, 'eval_steps_per_second': 11.448, 'epoch': 5.0}
2025-05-14 16:38:05,330 - INFO - Trial 4 | Params: {'learning_rate': 4.670975549251106e-06, 'batch_size': 16, 'num_train_epochs': 3, 'weight_decay': 0.08270957772419783} | Metrics: {'eval_loss': 0.45025011897087097, 'eval_precision': 0.91059830368452, 'eval_recall': 0.9296696875859816, 'eval_f1': 0.91861895911494, 'eval_accuracy': 0.9524043179587831, 'eval_runtime': 2.7568, 'eval_samples_per_second': 343.156, 'eval_steps_per_second': 21.765, 'epoch': 3.0}
2025-05-14 16:48:09,368 - INFO - Trial 5 | Params: {'learning_rate': 4.337044502590616e-06, 'batch_size': 16, 'num_train_epochs': 5, 'weight_decay': 0.01617486811012815} | Metrics: {'eval_loss': 0.5040177702903748, 'eval_precision': 0.9142284221029534, 'eval_recall': 0.9241692567313147, 'eval_f1': 0.917650038904273, 'eval_accuracy': 0.9521940277583064, 'eval_runtime': 2.746, 'eval_samples_per_second': 344.504, 'eval_steps_per_second': 21.85, 'epoch': 5.0}
2025-05-14 16:58:11,359 - INFO - Trial 6 | Params: {'learning_rate': 9.556719224226279e-06, 'batch_size': 16, 'num_train_epochs': 5, 'weight_decay': 0.08076518763410755} | Metrics: {'eval_loss': 0.634233832359314, 'eval_precision': 0.9131398016356291, 'eval_recall': 0.9182365920705953, 'eval_f1': 0.9135456156711856, 'eval_accuracy': 0.9503014159540165, 'eval_runtime': 2.7408, 'eval_samples_per_second': 345.159, 'eval_steps_per_second': 21.892, 'epoch': 5.0}
2025-05-14 17:06:14,788 - INFO - Trial 7 | Params: {'learning_rate': 2.757023468955805e-05, 'batch_size': 16, 'num_train_epochs': 4, 'weight_decay': 0.08989094704487065} | Metrics: {'eval_loss': 0.7325158715248108, 'eval_precision': 0.9030425118897447, 'eval_recall': 0.9140526881415884, 'eval_f1': 0.9049856927083708, 'eval_accuracy': 0.9433618393382869, 'eval_runtime': 2.7427, 'eval_samples_per_second': 344.92, 'eval_steps_per_second': 21.877, 'epoch': 4.0}
2025-05-14 17:13:11,729 - INFO - Trial 8 | Params: {'learning_rate': 4.3942969454973e-06, 'batch_size': 32, 'num_train_epochs': 4, 'weight_decay': 0.07578292877237629} | Metrics: {'eval_loss': 0.7324244379997253, 'eval_precision': 0.9083185152470438, 'eval_recall': 0.9203311945787287, 'eval_f1': 0.9118071061769072, 'eval_accuracy': 0.9470068694798822, 'eval_runtime': 2.6096, 'eval_samples_per_second': 362.508, 'eval_steps_per_second': 11.496, 'epoch': 4.0}
2025-05-14 17:26:03,745 - INFO - Trial 9 | Params: {'learning_rate': 4.341976982339198e-05, 'batch_size': 8, 'num_train_epochs': 5, 'weight_decay': 0.01290331305702234} | Metrics: {'eval_loss': 0.7519968748092651, 'eval_precision': 0.8911895717664563, 'eval_recall': 0.9035755045378738, 'eval_f1': 0.8941414402046418, 'eval_accuracy': 0.9370531333239871, 'eval_runtime': 2.8884, 'eval_samples_per_second': 327.514, 'eval_steps_per_second': 41.199, 'epoch': 5.0}
2025-05-14 17:26:03,746 - INFO - Best hyperparameters: {'learning_rate': 4.670975549251106e-06, 'batch_size': 16, 'num_train_epochs': 3, 'weight_decay': 0.08270957772419783}

2025-05-15 08:31:17,665 - INFO - Dataset UD_Russian-Taiga | Language: ru | Original: True
2025-05-15 08:31:18,941 - INFO - Dropping examples where original text does not match original UPOSS. Dropped 3 examples.
2025-05-15 08:31:18,990 - INFO - Dropping examples where original text does not match original UPOSS. Dropped 0 examples.
2025-05-15 08:31:19,035 - INFO - Dropping examples where original text does not match original UPOSS. Dropped 0 examples.
2025-05-15 08:31:19,043 - INFO - ========================================
2025-05-15 08:31:19,044 - INFO - ========================================
2025-05-15 08:31:19,045 - INFO - ****************************************
2025-05-15 08:37:31,170 - INFO - Validation metrics: {'eval_loss': 0.44237852096557617, 'eval_precision': 0.8458425908958509, 'eval_recall': 0.894903874135535, 'eval_f1': 0.8595986180048967, 'eval_accuracy': 0.9067012477218561, 'eval_runtime': 2.6678, 'eval_samples_per_second': 354.601, 'eval_steps_per_second': 22.491, 'epoch': 3.0}
2025-05-15 08:37:33,665 - INFO - Test metrics: {'eval_loss': 0.29233771562576294, 'eval_precision': 0.8677910425739341, 'eval_recall': 0.9337769079419848, 'eval_f1': 0.8935107209813696, 'eval_accuracy': 0.9406842970267444, 'eval_runtime': 2.4943, 'eval_samples_per_second': 353.199, 'eval_steps_per_second': 22.451, 'epoch': 3.0}
