2025-05-14 11:10:30,295 - INFO - Dataset UD_Bulgarian-BTB | Language: bg | Original: True
2025-05-14 11:10:31,164 - INFO - ========================================
2025-05-14 11:10:31,165 - INFO - ========================================
2025-05-14 11:10:31,166 - INFO - ****************************************
2025-05-14 11:18:48,807 - INFO - Trial 0 | Params: {'learning_rate': 1.3716130554435524e-06, 'batch_size': 8, 'num_train_epochs': 6, 'weight_decay': 0.03261244307246989} | Metrics: {'eval_loss': 0.13431935012340546, 'eval_precision': 0.8888921647120571, 'eval_recall': 0.9082978939976516, 'eval_f1': 0.8974940901037305, 'eval_accuracy': 0.9672323568249621, 'eval_runtime': 3.5999, 'eval_samples_per_second': 309.731, 'eval_steps_per_second': 38.89, 'epoch': 6.0}
2025-05-14 11:23:35,249 - INFO - Trial 1 | Params: {'learning_rate': 3.6227874625825112e-06, 'batch_size': 32, 'num_train_epochs': 5, 'weight_decay': 0.049637711849468906} | Metrics: {'eval_loss': 0.09564029425382614, 'eval_precision': 0.9326522228773562, 'eval_recall': 0.9809430806967347, 'eval_f1': 0.9506327686120694, 'eval_accuracy': 0.9753509072235536, 'eval_runtime': 3.1779, 'eval_samples_per_second': 350.86, 'eval_steps_per_second': 11.014, 'epoch': 5.0}
2025-05-14 11:29:01,124 - INFO - Trial 2 | Params: {'learning_rate': 4.988524959905652e-05, 'batch_size': 8, 'num_train_epochs': 4, 'weight_decay': 0.05365374814249104} | Metrics: {'eval_loss': 0.09788527339696884, 'eval_precision': 0.9238223656956942, 'eval_recall': 0.9808654748090737, 'eval_f1': 0.9371998613797344, 'eval_accuracy': 0.9768181151269135, 'eval_runtime': 3.6062, 'eval_samples_per_second': 309.186, 'eval_steps_per_second': 38.822, 'epoch': 4.0}
2025-05-14 11:35:33,390 - INFO - Trial 3 | Params: {'learning_rate': 1.4336177479711003e-05, 'batch_size': 16, 'num_train_epochs': 6, 'weight_decay': 0.030196858741210447} | Metrics: {'eval_loss': 0.08850947767496109, 'eval_precision': 0.9467892873373401, 'eval_recall': 0.9821970291991724, 'eval_f1': 0.9588818625071289, 'eval_accuracy': 0.9793612754927373, 'eval_runtime': 3.3968, 'eval_samples_per_second': 328.253, 'eval_steps_per_second': 20.608, 'epoch': 6.0}
2025-05-14 11:41:00,019 - INFO - Trial 4 | Params: {'learning_rate': 1.0682788967797007e-06, 'batch_size': 8, 'num_train_epochs': 4, 'weight_decay': 0.09494989565052456} | Metrics: {'eval_loss': 0.0918775200843811, 'eval_precision': 0.9489097168677951, 'eval_recall': 0.9841311436517433, 'eval_f1': 0.9609198157608516, 'eval_accuracy': 0.9804861348853132, 'eval_runtime': 3.6197, 'eval_samples_per_second': 308.039, 'eval_steps_per_second': 38.678, 'epoch': 4.0}
2025-05-14 11:46:27,793 - INFO - Trial 5 | Params: {'learning_rate': 1.2027952845084927e-05, 'batch_size': 16, 'num_train_epochs': 5, 'weight_decay': 0.02283608600613925} | Metrics: {'eval_loss': 0.1093999370932579, 'eval_precision': 0.9419404165971209, 'eval_recall': 0.9818101217403441, 'eval_f1': 0.9532749411182029, 'eval_accuracy': 0.9804372279552013, 'eval_runtime': 3.4003, 'eval_samples_per_second': 327.914, 'eval_steps_per_second': 20.587, 'epoch': 5.0}
2025-05-14 11:54:39,433 - INFO - Trial 6 | Params: {'learning_rate': 7.349652222993572e-06, 'batch_size': 8, 'num_train_epochs': 6, 'weight_decay': 0.055277025445968436} | Metrics: {'eval_loss': 0.10921382904052734, 'eval_precision': 0.9397365403926943, 'eval_recall': 0.9830008596582253, 'eval_f1': 0.9526779493385156, 'eval_accuracy': 0.9803883210250892, 'eval_runtime': 3.6146, 'eval_samples_per_second': 308.472, 'eval_steps_per_second': 38.732, 'epoch': 6.0}
2025-05-14 12:00:05,917 - INFO - Trial 7 | Params: {'learning_rate': 4.572006725866797e-05, 'batch_size': 8, 'num_train_epochs': 4, 'weight_decay': 0.016014225244321084} | Metrics: {'eval_loss': 0.14051483571529388, 'eval_precision': 0.9801569866577454, 'eval_recall': 0.9819431289933965, 'eval_f1': 0.980933391950786, 'eval_accuracy': 0.9785787646109454, 'eval_runtime': 3.6133, 'eval_samples_per_second': 308.581, 'eval_steps_per_second': 38.746, 'epoch': 4.0}
2025-05-14 12:06:57,578 - INFO - Trial 8 | Params: {'learning_rate': 4.000632225155957e-06, 'batch_size': 8, 'num_train_epochs': 5, 'weight_decay': 0.01081243045047358} | Metrics: {'eval_loss': 0.1454976350069046, 'eval_precision': 0.9590049623542253, 'eval_recall': 0.9825001820257345, 'eval_f1': 0.9684764011506247, 'eval_accuracy': 0.9801926933046413, 'eval_runtime': 3.6145, 'eval_samples_per_second': 308.476, 'eval_steps_per_second': 38.732, 'epoch': 5.0}
2025-05-14 12:12:25,342 - INFO - Trial 9 | Params: {'learning_rate': 9.823220049393021e-06, 'batch_size': 16, 'num_train_epochs': 5, 'weight_decay': 0.0932122979242344} | Metrics: {'eval_loss': 0.1535630077123642, 'eval_precision': 0.9798806723623598, 'eval_recall': 0.9832959016268733, 'eval_f1': 0.9814119279236937, 'eval_accuracy': 0.9800948794444173, 'eval_runtime': 3.3887, 'eval_samples_per_second': 329.038, 'eval_steps_per_second': 20.657, 'epoch': 5.0}
2025-05-14 12:12:25,346 - INFO - Best hyperparameters: {'learning_rate': 9.823220049393021e-06, 'batch_size': 16, 'num_train_epochs': 5, 'weight_decay': 0.0932122979242344}

2025-05-14 12:20:21,880 - INFO - Dataset UD_Bulgarian-BTB | Language: bg | Original: True
2025-05-14 12:20:22,744 - INFO - ========================================
2025-05-14 12:20:22,745 - INFO - ========================================
2025-05-14 12:20:22,746 - INFO - ****************************************
2025-05-14 12:25:49,443 - INFO - Validation metrics: {'eval_loss': 0.08666111528873444, 'eval_precision': 0.930080152370095, 'eval_recall': 0.9823974052400808, 'eval_f1': 0.9448780770530085, 'eval_accuracy': 0.9776006260087055, 'eval_runtime': 3.2456, 'eval_samples_per_second': 343.542, 'eval_steps_per_second': 21.568, 'epoch': 5.0}
2025-05-14 12:25:52,686 - INFO - Test metrics: {'eval_loss': 0.07240018993616104, 'eval_precision': 0.9144319868554759, 'eval_recall': 0.9806418063768543, 'eval_f1': 0.9257140878910802, 'eval_accuracy': 0.9763980757666867, 'eval_runtime': 3.2421, 'eval_samples_per_second': 344.223, 'eval_steps_per_second': 21.591, 'epoch': 5.0}
