2025-05-13 13:40:00,660 - INFO - Dataset UD_Dutch-Alpino | Language: nl | Original: False
2025-05-13 13:40:02,449 - INFO - ========================================
2025-05-13 13:40:02,450 - INFO - ========================================
2025-05-13 13:40:02,451 - INFO - ****************************************
2025-05-13 13:44:36,079 - INFO - Trial 0 | Params: {'learning_rate': 2.2772754956964923e-05, 'batch_size': 16, 'num_train_epochs': 3, 'weight_decay': 0.060102226772240246} | Metrics: {'eval_loss': 0.14569438993930817, 'eval_precision': 0.9305780019703932, 'eval_recall': 0.9680755757774269, 'eval_f1': 0.9457077492618865, 'eval_accuracy': 0.9753874856486797, 'eval_runtime': 2.1706, 'eval_samples_per_second': 330.779, 'eval_steps_per_second': 20.731, 'epoch': 3.0}
2025-05-13 13:48:30,790 - INFO - Trial 1 | Params: {'learning_rate': 1.942746104521668e-06, 'batch_size': 32, 'num_train_epochs': 3, 'weight_decay': 0.017976308386766386} | Metrics: {'eval_loss': 0.15069091320037842, 'eval_precision': 0.9292626175355634, 'eval_recall': 0.9620470412841655, 'eval_f1': 0.9425170365793076, 'eval_accuracy': 0.9751004592422503, 'eval_runtime': 2.042, 'eval_samples_per_second': 351.614, 'eval_steps_per_second': 11.263, 'epoch': 3.0}
2025-05-13 13:54:59,011 - INFO - Trial 2 | Params: {'learning_rate': 9.503372873998007e-06, 'batch_size': 32, 'num_train_epochs': 5, 'weight_decay': 0.02143850388483185} | Metrics: {'eval_loss': 0.17065487802028656, 'eval_precision': 0.9254604798157432, 'eval_recall': 0.9561766062902791, 'eval_f1': 0.9359427828028405, 'eval_accuracy': 0.9745264064293915, 'eval_runtime': 2.0439, 'eval_samples_per_second': 351.296, 'eval_steps_per_second': 11.253, 'epoch': 5.0}
2025-05-13 14:02:45,636 - INFO - Trial 3 | Params: {'learning_rate': 3.005443709842423e-06, 'batch_size': 32, 'num_train_epochs': 6, 'weight_decay': 0.05877646871985099} | Metrics: {'eval_loss': 0.1805586814880371, 'eval_precision': 0.9325493238416992, 'eval_recall': 0.9468462479175659, 'eval_f1': 0.9390921300660969, 'eval_accuracy': 0.9760332950631458, 'eval_runtime': 2.044, 'eval_samples_per_second': 351.265, 'eval_steps_per_second': 11.252, 'epoch': 6.0}
2025-05-13 14:06:40,479 - INFO - Trial 4 | Params: {'learning_rate': 2.062234987318016e-05, 'batch_size': 32, 'num_train_epochs': 3, 'weight_decay': 0.051956176884654225} | Metrics: {'eval_loss': 0.19571198523044586, 'eval_precision': 0.9376327420972942, 'eval_recall': 0.961530933976583, 'eval_f1': 0.9478380663933597, 'eval_accuracy': 0.9751722158438576, 'eval_runtime': 2.0431, 'eval_samples_per_second': 351.423, 'eval_steps_per_second': 11.257, 'epoch': 3.0}
2025-05-13 14:15:36,296 - INFO - Trial 5 | Params: {'learning_rate': 1.2979038208924068e-06, 'batch_size': 8, 'num_train_epochs': 5, 'weight_decay': 0.06078475766705161} | Metrics: {'eval_loss': 0.18588750064373016, 'eval_precision': 0.9321568136096876, 'eval_recall': 0.9466803333610317, 'eval_f1': 0.9388141681605602, 'eval_accuracy': 0.9753157290470723, 'eval_runtime': 2.3053, 'eval_samples_per_second': 311.463, 'eval_steps_per_second': 39.041, 'epoch': 5.0}
2025-05-13 14:24:32,925 - INFO - Trial 6 | Params: {'learning_rate': 1.872877084511108e-05, 'batch_size': 8, 'num_train_epochs': 5, 'weight_decay': 0.04664719681860539} | Metrics: {'eval_loss': 0.20444230735301971, 'eval_precision': 0.9291534689448552, 'eval_recall': 0.943851388954996, 'eval_f1': 0.9353151218038568, 'eval_accuracy': 0.9720866819747417, 'eval_runtime': 2.3041, 'eval_samples_per_second': 311.613, 'eval_steps_per_second': 39.06, 'epoch': 5.0}
2025-05-13 14:28:55,793 - INFO - Trial 7 | Params: {'learning_rate': 4.4315736573826636e-05, 'batch_size': 16, 'num_train_epochs': 3, 'weight_decay': 0.08133271387895634} | Metrics: {'eval_loss': 0.20319291949272156, 'eval_precision': 0.9058741793200884, 'eval_recall': 0.9304295406627608, 'eval_f1': 0.9165966980719522, 'eval_accuracy': 0.971727898966705, 'eval_runtime': 2.1683, 'eval_samples_per_second': 331.129, 'eval_steps_per_second': 20.753, 'epoch': 3.0}
2025-05-13 14:38:26,065 - INFO - Trial 8 | Params: {'learning_rate': 5.061521642345309e-05, 'batch_size': 8, 'num_train_epochs': 5, 'weight_decay': 0.07299438135702194} | Metrics: {'eval_loss': 0.19326350092887878, 'eval_precision': 0.933004214641453, 'eval_recall': 0.9391438006314615, 'eval_f1': 0.9348677580025835, 'eval_accuracy': 0.9735935706084959, 'eval_runtime': 2.2999, 'eval_samples_per_second': 312.185, 'eval_steps_per_second': 39.132, 'epoch': 5.0}
2025-05-13 14:47:10,891 - INFO - Trial 9 | Params: {'learning_rate': 7.501639267343097e-06, 'batch_size': 16, 'num_train_epochs': 6, 'weight_decay': 0.08355836756364542} | Metrics: {'eval_loss': 0.23980267345905304, 'eval_precision': 0.9214091738281949, 'eval_recall': 0.9180051978991992, 'eval_f1': 0.9194989847378482, 'eval_accuracy': 0.9753157290470723, 'eval_runtime': 2.1701, 'eval_samples_per_second': 330.862, 'eval_steps_per_second': 20.736, 'epoch': 6.0}
2025-05-13 14:47:10,893 - INFO - Best hyperparameters: {'learning_rate': 2.062234987318016e-05, 'batch_size': 32, 'num_train_epochs': 3, 'weight_decay': 0.051956176884654225}

2025-05-14 11:32:49,918 - INFO - Dataset UD_Dutch-Alpino | Language: nl | Original: False
2025-05-14 11:32:51,697 - INFO - ========================================
2025-05-14 11:32:51,697 - INFO - ========================================
2025-05-14 11:32:51,698 - INFO - ****************************************
2025-05-14 11:36:58,662 - INFO - Validation metrics: {'eval_loss': 0.14889994263648987, 'eval_precision': 0.902727159486111, 'eval_recall': 0.9599270347514093, 'eval_f1': 0.9221081361601192, 'eval_accuracy': 0.9722301951779564, 'eval_runtime': 2.0642, 'eval_samples_per_second': 347.833, 'eval_steps_per_second': 11.142, 'epoch': 3.0}
2025-05-14 11:37:00,390 - INFO - Test metrics: {'eval_loss': 0.41729578375816345, 'eval_precision': 0.8504954542053105, 'eval_recall': 0.9138302939905528, 'eval_f1': 0.8698753325071814, 'eval_accuracy': 0.9642993072999924, 'eval_runtime': 1.727, 'eval_samples_per_second': 345.105, 'eval_steps_per_second': 11.002, 'epoch': 3.0}
