2025-04-19 19:41:45,689 - INFO - Train set mismatches: 0
2025-04-19 19:41:45,689 - INFO - Validation set mismatches: 0
2025-04-19 19:41:45,689 - INFO - Test set mismatches: 0
2025-04-19 19:57:26,355 - INFO - Trial 0 | Params: {'learning_rate': 1.8814057710202878e-05, 'batch_size': 16, 'num_train_epochs': 6, 'weight_decay': 0.026993161058458698} | Metrics: {'eval_loss': 0.3598375916481018, 'eval_overall_precision': 0.6434800192098679, 'eval_overall_recall': 0.6314301304628206, 'eval_overall_f1': 0.6373981297179555, 'eval_overall_accuracy': 0.8905150135120267, 'eval_LOC_f1': 0.7145699916784254, 'eval_ORG_f1': 0.5595974996188444, 'eval_PER_f1': 0.6589191134879416, 'eval_runtime': 36.2555, 'eval_samples_per_second': 303.402, 'eval_steps_per_second': 18.976, 'epoch': 6.0}
2025-04-19 20:09:24,050 - INFO - Trial 1 | Params: {'learning_rate': 1.0775779825576304e-06, 'batch_size': 32, 'num_train_epochs': 5, 'weight_decay': 0.07190175654722483} | Metrics: {'eval_loss': 0.37889203429222107, 'eval_overall_precision': 0.6351485382326548, 'eval_overall_recall': 0.6670965821717347, 'eval_overall_f1': 0.6507306687312494, 'eval_overall_accuracy': 0.8935153006593655, 'eval_LOC_f1': 0.7201739712278353, 'eval_ORG_f1': 0.5781063677557835, 'eval_PER_f1': 0.6694747789911597, 'eval_runtime': 34.5017, 'eval_samples_per_second': 318.825, 'eval_steps_per_second': 9.971, 'epoch': 5.0}
2025-04-19 20:18:48,040 - INFO - Trial 2 | Params: {'learning_rate': 2.708688603127968e-05, 'batch_size': 8, 'num_train_epochs': 3, 'weight_decay': 0.08995462676208915} | Metrics: {'eval_loss': 0.44489312171936035, 'eval_overall_precision': 0.6655257219644533, 'eval_overall_recall': 0.6510491591844834, 'eval_overall_f1': 0.6582078511515942, 'eval_overall_accuracy': 0.890631750981534, 'eval_LOC_f1': 0.7157711095603629, 'eval_ORG_f1': 0.5991797284837694, 'eval_PER_f1': 0.6687366385014762, 'eval_runtime': 38.2785, 'eval_samples_per_second': 287.367, 'eval_steps_per_second': 35.921, 'epoch': 3.0}
2025-04-19 20:36:48,002 - INFO - Trial 3 | Params: {'learning_rate': 1.525345108103919e-06, 'batch_size': 8, 'num_train_epochs': 6, 'weight_decay': 0.033203979103379556} | Metrics: {'eval_loss': 0.47733211517333984, 'eval_overall_precision': 0.6641901931649331, 'eval_overall_recall': 0.6873852869685997, 'eval_overall_f1': 0.6755887084978791, 'eval_overall_accuracy': 0.8983310567290429, 'eval_LOC_f1': 0.7424811382505944, 'eval_ORG_f1': 0.6134210133014497, 'eval_PER_f1': 0.6826500357836622, 'eval_runtime': 38.1055, 'eval_samples_per_second': 288.672, 'eval_steps_per_second': 36.084, 'epoch': 6.0}
2025-04-19 20:44:12,598 - INFO - Trial 4 | Params: {'learning_rate': 9.230494524917858e-06, 'batch_size': 32, 'num_train_epochs': 3, 'weight_decay': 0.06674046569934791} | Metrics: {'eval_loss': 0.4763880968093872, 'eval_overall_precision': 0.6584664312606693, 'eval_overall_recall': 0.6983977379830348, 'eval_overall_f1': 0.6778445131859269, 'eval_overall_accuracy': 0.8973891061130179, 'eval_LOC_f1': 0.7395470088363747, 'eval_ORG_f1': 0.617682750650101, 'eval_PER_f1': 0.6915601563325234, 'eval_runtime': 34.5615, 'eval_samples_per_second': 318.273, 'eval_steps_per_second': 9.953, 'epoch': 3.0}
2025-04-19 21:02:12,107 - INFO - Trial 5 | Params: {'learning_rate': 5.5036123201751494e-05, 'batch_size': 8, 'num_train_epochs': 6, 'weight_decay': 0.031715493979596596} | Metrics: {'eval_loss': 0.46970123052597046, 'eval_overall_precision': 0.6608352144469526, 'eval_overall_recall': 0.6970583858326306, 'eval_overall_f1': 0.6784636554571132, 'eval_overall_accuracy': 0.8887988385292689, 'eval_LOC_f1': 0.7548496289545632, 'eval_ORG_f1': 0.5922988436156686, 'eval_PER_f1': 0.7046311818943839, 'eval_runtime': 38.157, 'eval_samples_per_second': 288.282, 'eval_steps_per_second': 36.035, 'epoch': 6.0}
2025-04-19 21:11:52,363 - INFO - Trial 6 | Params: {'learning_rate': 2.116866931194982e-06, 'batch_size': 32, 'num_train_epochs': 4, 'weight_decay': 0.04143039492402906} | Metrics: {'eval_loss': 0.4426515996456146, 'eval_overall_precision': 0.6891106989457243, 'eval_overall_recall': 0.7003571605734411, 'eval_overall_f1': 0.6946884148891677, 'eval_overall_accuracy': 0.8970147411245978, 'eval_LOC_f1': 0.763031914893617, 'eval_ORG_f1': 0.6165801517338821, 'eval_PER_f1': 0.720801843811974, 'eval_runtime': 34.3066, 'eval_samples_per_second': 320.638, 'eval_steps_per_second': 10.027, 'epoch': 4.0}
2025-04-19 21:22:26,263 - INFO - Trial 7 | Params: {'learning_rate': 5.098985573433878e-06, 'batch_size': 16, 'num_train_epochs': 4, 'weight_decay': 0.089175124883176} | Metrics: {'eval_loss': 0.4967985153198242, 'eval_overall_precision': 0.685663509993427, 'eval_overall_recall': 0.6985713577062355, 'eval_overall_f1': 0.6920572516739357, 'eval_overall_accuracy': 0.8992488547651698, 'eval_LOC_f1': 0.7613488542743737, 'eval_ORG_f1': 0.609245772126898, 'eval_PER_f1': 0.7239347711730669, 'eval_runtime': 36.1825, 'eval_samples_per_second': 304.014, 'eval_steps_per_second': 19.015, 'epoch': 4.0}
2025-04-19 21:40:25,682 - INFO - Trial 8 | Params: {'learning_rate': 4.049837526809278e-06, 'batch_size': 8, 'num_train_epochs': 6, 'weight_decay': 0.02493506819212294} | Metrics: {'eval_loss': 0.5654300451278687, 'eval_overall_precision': 0.6927950847213555, 'eval_overall_recall': 0.7159581328438911, 'eval_overall_f1': 0.7041861826697893, 'eval_overall_accuracy': 0.9002283760610362, 'eval_LOC_f1': 0.7638127090301003, 'eval_ORG_f1': 0.6352891894317942, 'eval_PER_f1': 0.732036650056261, 'eval_runtime': 38.0982, 'eval_samples_per_second': 288.728, 'eval_steps_per_second': 36.091, 'epoch': 6.0}
2025-04-19 21:49:45,563 - INFO - Trial 9 | Params: {'learning_rate': 8.12494621367015e-06, 'batch_size': 8, 'num_train_epochs': 3, 'weight_decay': 0.02211200435685777} | Metrics: {'eval_loss': 0.6325785517692566, 'eval_overall_precision': 0.6903179190751445, 'eval_overall_recall': 0.7108983580534749, 'eval_overall_f1': 0.700457000415455, 'eval_overall_accuracy': 0.9012199736468517, 'eval_LOC_f1': 0.7671880806784014, 'eval_ORG_f1': 0.6231764885031216, 'eval_PER_f1': 0.7294372294372296, 'eval_runtime': 38.3233, 'eval_samples_per_second': 287.031, 'eval_steps_per_second': 35.879, 'epoch': 3.0}
2025-04-19 21:49:45,565 - INFO - Best hyperparameters: {'learning_rate': 4.049837526809278e-06, 'batch_size': 8, 'num_train_epochs': 6, 'weight_decay': 0.02493506819212294}
2025-04-23 13:16:58,841 - INFO - Train set mismatches: 0
2025-04-23 13:16:58,843 - INFO - Validation set mismatches: 0
2025-04-23 13:16:58,843 - INFO - Test set mismatches: 0
2025-04-23 13:17:01,083 - INFO - Training args: 
2025-04-23 13:51:45,410 - INFO - Train set mismatches: 0
2025-04-23 13:51:45,411 - INFO - Validation set mismatches: 0
2025-04-23 13:51:45,412 - INFO - Test set mismatches: 0
2025-04-23 13:51:47,402 - INFO - Training args: 
2025-04-23 13:56:44,823 - INFO - Train set mismatches: 0
2025-04-23 13:56:44,824 - INFO - Validation set mismatches: 0
2025-04-23 13:56:44,824 - INFO - Test set mismatches: 0
2025-04-23 13:56:44,904 - INFO - Training args: 
2025-04-23 14:30:36,552 - INFO - Validation metrics: {'eval_loss': 0.40542536973953247, 'eval_overall_precision': 0.6051174336452168, 'eval_overall_recall': 0.6288010317972121, 'eval_overall_f1': 0.6167319434646168, 'eval_overall_accuracy': 0.8825621056755879, 'eval_LOC_f1': 0.6918804004937594, 'eval_ORG_f1': 0.539769150052466, 'eval_PER_f1': 0.6357958872810358, 'eval_runtime': 38.8982, 'eval_samples_per_second': 282.789, 'eval_steps_per_second': 35.349, 'epoch': 6.0}
2025-04-23 14:31:12,130 - INFO - Test metrics: {'eval_loss': 0.36402225494384766, 'eval_overall_precision': 0.6214460185637518, 'eval_overall_recall': 0.6713460168351056, 'eval_overall_f1': 0.6454329819754683, 'eval_overall_accuracy': 0.8922586017171069, 'eval_LOC_f1': 0.717088905315503, 'eval_ORG_f1': 0.5663651343444194, 'eval_PER_f1': 0.6567380287516806, 'eval_runtime': 35.577, 'eval_samples_per_second': 281.081, 'eval_steps_per_second': 35.135, 'epoch': 6.0}
