2025-05-13 14:06:21,318 - INFO - Dataset UD_Russian-Taiga | Language: ru | Original: False
2025-05-13 14:06:23,417 - INFO - ========================================
2025-05-13 14:06:23,418 - INFO - ========================================
2025-05-13 14:06:23,419 - INFO - ****************************************
2025-05-13 14:14:21,876 - INFO - Trial 0 | Params: {'learning_rate': 2.169260594033901e-05, 'batch_size': 16, 'num_train_epochs': 4, 'weight_decay': 0.09064817797706452} | Metrics: {'eval_loss': 0.5419460535049438, 'eval_precision': 0.8703722986284346, 'eval_recall': 0.9280898274939121, 'eval_f1': 0.8877989243419768, 'eval_accuracy': 0.9169217071949252, 'eval_runtime': 2.8687, 'eval_samples_per_second': 329.765, 'eval_steps_per_second': 20.915, 'epoch': 4.0}
2025-05-13 14:26:20,078 - INFO - Trial 1 | Params: {'learning_rate': 4.4845039101103625e-06, 'batch_size': 8, 'num_train_epochs': 5, 'weight_decay': 0.04237426626376526} | Metrics: {'eval_loss': 0.5807483792304993, 'eval_precision': 0.8839624082959956, 'eval_recall': 0.9284723597774457, 'eval_f1': 0.9002929825834691, 'eval_accuracy': 0.9230426798731289, 'eval_runtime': 3.0311, 'eval_samples_per_second': 312.103, 'eval_steps_per_second': 39.26, 'epoch': 5.0}
2025-05-13 14:31:30,275 - INFO - Trial 2 | Params: {'learning_rate': 2.011539117128481e-06, 'batch_size': 32, 'num_train_epochs': 3, 'weight_decay': 0.038998279270824714} | Metrics: {'eval_loss': 0.47932741045951843, 'eval_precision': 0.8802423125903382, 'eval_recall': 0.9266349589232954, 'eval_f1': 0.8963955790080462, 'eval_accuracy': 0.9223192921929776, 'eval_runtime': 2.6923, 'eval_samples_per_second': 351.373, 'eval_steps_per_second': 11.143, 'epoch': 3.0}
2025-05-13 14:39:17,838 - INFO - Trial 3 | Params: {'learning_rate': 5.7791951028507945e-06, 'batch_size': 8, 'num_train_epochs': 3, 'weight_decay': 0.07102467147903051} | Metrics: {'eval_loss': 0.6122409701347351, 'eval_precision': 0.8805326054231118, 'eval_recall': 0.9235978523678205, 'eval_f1': 0.8953027393513162, 'eval_accuracy': 0.922708808636136, 'eval_runtime': 3.0365, 'eval_samples_per_second': 311.54, 'eval_steps_per_second': 39.19, 'epoch': 3.0}
2025-05-13 14:46:08,751 - INFO - Trial 4 | Params: {'learning_rate': 3.318569737196414e-05, 'batch_size': 32, 'num_train_epochs': 4, 'weight_decay': 0.013893918664128544} | Metrics: {'eval_loss': 0.5736883878707886, 'eval_precision': 0.884363663321466, 'eval_recall': 0.9236640583022864, 'eval_f1': 0.8974738657520897, 'eval_accuracy': 0.9198152579155305, 'eval_runtime': 2.6772, 'eval_samples_per_second': 353.354, 'eval_steps_per_second': 11.206, 'epoch': 4.0}
2025-05-13 14:51:57,596 - INFO - Trial 5 | Params: {'learning_rate': 2.6408686623961886e-05, 'batch_size': 16, 'num_train_epochs': 3, 'weight_decay': 0.09074298976275219} | Metrics: {'eval_loss': 0.7760447263717651, 'eval_precision': 0.8862904045394482, 'eval_recall': 0.9251584409390422, 'eval_f1': 0.9001182312455507, 'eval_accuracy': 0.9248233264704245, 'eval_runtime': 2.8475, 'eval_samples_per_second': 332.219, 'eval_steps_per_second': 21.071, 'epoch': 3.0}
2025-05-13 15:02:11,020 - INFO - Trial 6 | Params: {'learning_rate': 2.6817790715038998e-06, 'batch_size': 32, 'num_train_epochs': 6, 'weight_decay': 0.09136386071163523} | Metrics: {'eval_loss': 0.6904109120368958, 'eval_precision': 0.890233014227521, 'eval_recall': 0.9245267867233378, 'eval_f1': 0.9027488431743227, 'eval_accuracy': 0.9256023593567414, 'eval_runtime': 2.6865, 'eval_samples_per_second': 352.128, 'eval_steps_per_second': 11.167, 'epoch': 6.0}
2025-05-13 15:10:44,350 - INFO - Trial 7 | Params: {'learning_rate': 1.0449307312295768e-06, 'batch_size': 32, 'num_train_epochs': 5, 'weight_decay': 0.012648022559809353} | Metrics: {'eval_loss': 0.7288533449172974, 'eval_precision': 0.8937359057936677, 'eval_recall': 0.9238743666970083, 'eval_f1': 0.9045759247720264, 'eval_accuracy': 0.925101552501252, 'eval_runtime': 2.6749, 'eval_samples_per_second': 353.662, 'eval_steps_per_second': 11.215, 'epoch': 5.0}
2025-05-13 15:25:02,180 - INFO - Trial 8 | Params: {'learning_rate': 8.516192061423271e-05, 'batch_size': 8, 'num_train_epochs': 6, 'weight_decay': 0.017297374743888726} | Metrics: {'eval_loss': 0.6800113916397095, 'eval_precision': 0.8829168011831409, 'eval_recall': 0.9185274716839033, 'eval_f1': 0.8950371376686634, 'eval_accuracy': 0.9142507372989817, 'eval_runtime': 3.0231, 'eval_samples_per_second': 312.926, 'eval_steps_per_second': 39.364, 'epoch': 6.0}
2025-05-13 15:39:17,734 - INFO - Trial 9 | Params: {'learning_rate': 6.052607490231298e-06, 'batch_size': 8, 'num_train_epochs': 6, 'weight_decay': 0.08024012971412318} | Metrics: {'eval_loss': 0.7890346050262451, 'eval_precision': 0.8876606270156332, 'eval_recall': 0.9229380091584197, 'eval_f1': 0.8998755951140909, 'eval_accuracy': 0.9208168716265094, 'eval_runtime': 3.0298, 'eval_samples_per_second': 312.235, 'eval_steps_per_second': 39.277, 'epoch': 6.0}
2025-05-13 15:39:17,735 - INFO - Best hyperparameters: {'learning_rate': 1.0449307312295768e-06, 'batch_size': 32, 'num_train_epochs': 5, 'weight_decay': 0.012648022559809353}

2025-05-14 11:42:34,138 - INFO - Dataset UD_Russian-Taiga | Language: ru | Original: False
2025-05-14 11:42:36,225 - INFO - ========================================
2025-05-14 11:42:36,226 - INFO - ========================================
2025-05-14 11:42:36,227 - INFO - ****************************************
2025-05-14 11:51:21,068 - INFO - Validation metrics: {'eval_loss': 1.005611538887024, 'eval_precision': 0.777133971791056, 'eval_recall': 0.8162645501910787, 'eval_f1': 0.7715536048279842, 'eval_accuracy': 0.8302264759890935, 'eval_runtime': 2.7075, 'eval_samples_per_second': 349.4, 'eval_steps_per_second': 11.08, 'epoch': 5.0}
2025-05-14 11:51:23,567 - INFO - Test metrics: {'eval_loss': 0.8187800645828247, 'eval_precision': 0.8052158668353759, 'eval_recall': 0.8445290839154111, 'eval_f1': 0.8122284033629983, 'eval_accuracy': 0.8681120144534779, 'eval_runtime': 2.4985, 'eval_samples_per_second': 352.609, 'eval_steps_per_second': 11.207, 'epoch': 5.0}
