2025-05-14 14:01:06,398 - INFO - Dataset UD_Dutch-Alpino | Language: nl | Original: True
2025-05-14 14:01:07,470 - INFO - ========================================
2025-05-14 14:01:07,471 - INFO - ========================================
2025-05-14 14:01:07,472 - INFO - ****************************************
2025-05-14 14:08:58,110 - INFO - Trial 0 | Params: {'learning_rate': 3.2174570033326945e-05, 'batch_size': 32, 'num_train_epochs': 6, 'weight_decay': 0.08804887463766185} | Metrics: {'eval_loss': 0.35494402050971985, 'eval_precision': 0.9016786038419258, 'eval_recall': 0.9427245762110787, 'eval_f1': 0.9076129179921619, 'eval_accuracy': 0.9627258500497937, 'eval_runtime': 1.9849, 'eval_samples_per_second': 361.723, 'eval_steps_per_second': 11.587, 'epoch': 6.0}
2025-05-14 14:17:36,004 - INFO - Trial 1 | Params: {'learning_rate': 8.346362993182873e-05, 'batch_size': 16, 'num_train_epochs': 6, 'weight_decay': 0.05617097078670886} | Metrics: {'eval_loss': 0.38776883482933044, 'eval_precision': 0.9222435696369653, 'eval_recall': 0.9311231644654498, 'eval_f1': 0.9165563481972621, 'eval_accuracy': 0.9691278987053635, 'eval_runtime': 2.1095, 'eval_samples_per_second': 340.364, 'eval_steps_per_second': 21.332, 'epoch': 6.0}
2025-05-14 14:21:55,448 - INFO - Trial 2 | Params: {'learning_rate': 3.778708452564031e-05, 'batch_size': 16, 'num_train_epochs': 3, 'weight_decay': 0.03806411336570888} | Metrics: {'eval_loss': 0.37465810775756836, 'eval_precision': 0.9107066868346567, 'eval_recall': 0.9431761635571796, 'eval_f1': 0.9163426909035792, 'eval_accuracy': 0.9723289230331484, 'eval_runtime': 2.1094, 'eval_samples_per_second': 340.386, 'eval_steps_per_second': 21.333, 'epoch': 3.0}
2025-05-14 14:27:42,405 - INFO - Trial 3 | Params: {'learning_rate': 7.439062005098332e-05, 'batch_size': 16, 'num_train_epochs': 4, 'weight_decay': 0.05763711629393399} | Metrics: {'eval_loss': 0.4203019440174103, 'eval_precision': 0.921700911892521, 'eval_recall': 0.9369596342961386, 'eval_f1': 0.9181455623980999, 'eval_accuracy': 0.9725423246550007, 'eval_runtime': 2.1074, 'eval_samples_per_second': 340.703, 'eval_steps_per_second': 21.353, 'epoch': 4.0}
2025-05-14 14:32:01,685 - INFO - Trial 4 | Params: {'learning_rate': 1.539492676490614e-06, 'batch_size': 16, 'num_train_epochs': 3, 'weight_decay': 0.017622981931705112} | Metrics: {'eval_loss': 0.3753371238708496, 'eval_precision': 0.9247600576544532, 'eval_recall': 0.945202696576011, 'eval_f1': 0.9247365175920845, 'eval_accuracy': 0.9747474747474747, 'eval_runtime': 2.1049, 'eval_samples_per_second': 341.114, 'eval_steps_per_second': 21.379, 'epoch': 3.0}
2025-05-14 14:40:51,220 - INFO - Trial 5 | Params: {'learning_rate': 4.111493348051718e-06, 'batch_size': 8, 'num_train_epochs': 5, 'weight_decay': 0.03195459874280219} | Metrics: {'eval_loss': 0.3326789140701294, 'eval_precision': 0.9239704851929291, 'eval_recall': 0.9440592706755422, 'eval_f1': 0.9236409501842271, 'eval_accuracy': 0.9763124199743918, 'eval_runtime': 2.2435, 'eval_samples_per_second': 320.042, 'eval_steps_per_second': 40.117, 'epoch': 5.0}
2025-05-14 14:49:29,302 - INFO - Trial 6 | Params: {'learning_rate': 6.43503768830384e-05, 'batch_size': 16, 'num_train_epochs': 6, 'weight_decay': 0.046128030848606644} | Metrics: {'eval_loss': 0.5693473815917969, 'eval_precision': 0.9256528717762704, 'eval_recall': 0.9358333591652572, 'eval_f1': 0.9157547738063283, 'eval_accuracy': 0.9742495376298194, 'eval_runtime': 2.1076, 'eval_samples_per_second': 340.666, 'eval_steps_per_second': 21.351, 'epoch': 6.0}
2025-05-14 14:58:07,522 - INFO - Trial 7 | Params: {'learning_rate': 1.1639760090139097e-05, 'batch_size': 16, 'num_train_epochs': 6, 'weight_decay': 0.053010916085217366} | Metrics: {'eval_loss': 0.44252103567123413, 'eval_precision': 0.9144323125674063, 'eval_recall': 0.9446029738075108, 'eval_f1': 0.918440856045206, 'eval_accuracy': 0.9756010812348841, 'eval_runtime': 2.1094, 'eval_samples_per_second': 340.389, 'eval_steps_per_second': 21.334, 'epoch': 6.0}
2025-05-14 15:03:18,750 - INFO - Trial 8 | Params: {'learning_rate': 1.3212744879727293e-06, 'batch_size': 32, 'num_train_epochs': 4, 'weight_decay': 0.04005473420245949} | Metrics: {'eval_loss': 0.5087085366249084, 'eval_precision': 0.9207933210604735, 'eval_recall': 0.9415190637220207, 'eval_f1': 0.9200279634115514, 'eval_accuracy': 0.9771660264618011, 'eval_runtime': 1.9944, 'eval_samples_per_second': 360.011, 'eval_steps_per_second': 11.532, 'epoch': 4.0}
2025-05-14 15:10:34,424 - INFO - Trial 9 | Params: {'learning_rate': 8.1649667356272e-06, 'batch_size': 16, 'num_train_epochs': 5, 'weight_decay': 0.0718471316467935} | Metrics: {'eval_loss': 0.5029902458190918, 'eval_precision': 0.9217597929592873, 'eval_recall': 0.9374534793179052, 'eval_f1': 0.9179028692789815, 'eval_accuracy': 0.9758856167306872, 'eval_runtime': 2.1092, 'eval_samples_per_second': 340.421, 'eval_steps_per_second': 21.336, 'epoch': 5.0}
2025-05-14 15:10:34,425 - INFO - Best hyperparameters: {'learning_rate': 1.539492676490614e-06, 'batch_size': 16, 'num_train_epochs': 3, 'weight_decay': 0.017622981931705112}
2025-05-14 15:16:45,092 - INFO - Dataset UD_Dutch-Alpino | Language: nl | Original: True
2025-05-14 15:16:46,216 - INFO - ========================================
2025-05-14 15:16:46,217 - INFO - ========================================
2025-05-14 15:16:46,218 - INFO - ****************************************
2025-05-14 15:21:16,139 - INFO - Validation metrics: {'eval_loss': 0.7422447800636292, 'eval_precision': 0.7271700481710505, 'eval_recall': 0.7902487611943635, 'eval_f1': 0.7417088694458107, 'eval_accuracy': 0.8809218950064021, 'eval_runtime': 2.1156, 'eval_samples_per_second': 339.377, 'eval_steps_per_second': 21.27, 'epoch': 3.0}
2025-05-14 15:21:17,912 - INFO - Test metrics: {'eval_loss': 0.7667455077171326, 'eval_precision': 0.7741235635168613, 'eval_recall': 0.8116103646354926, 'eval_f1': 0.7831445747318131, 'eval_accuracy': 0.8441952983725136, 'eval_runtime': 1.7723, 'eval_samples_per_second': 336.288, 'eval_steps_per_second': 21.441, 'epoch': 3.0}
