2025-05-13 13:14:17,044 - INFO - Dataset UD_Chinese-GSD | Language: ch | Original: False
2025-05-13 13:14:18,373 - INFO - ========================================
2025-05-13 13:14:18,374 - INFO - ========================================
2025-05-13 13:14:18,375 - INFO - ****************************************
2025-05-13 13:15:42,181 - INFO - Trial 0 | Params: {'learning_rate': 1.903176579431005e-05, 'batch_size': 32, 'num_train_epochs': 3, 'weight_decay': 0.08366909345330455} | Metrics: {'eval_loss': 0.3392806947231293, 'eval_precision': 0.824930257339191, 'eval_recall': 0.8965595377548264, 'eval_f1': 0.8397851590609868, 'eval_accuracy': 0.9668428640076886, 'eval_runtime': 1.467, 'eval_samples_per_second': 340.821, 'eval_steps_per_second': 10.906, 'epoch': 3.0}
2025-05-13 13:18:35,400 - INFO - Trial 1 | Params: {'learning_rate': 5.2366761117818635e-06, 'batch_size': 8, 'num_train_epochs': 5, 'weight_decay': 0.05097137444160614} | Metrics: {'eval_loss': 0.2160707414150238, 'eval_precision': 0.8360432626308714, 'eval_recall': 0.9121797008541066, 'eval_f1': 0.846695480989311, 'eval_accuracy': 0.9760932244113407, 'eval_runtime': 1.64, 'eval_samples_per_second': 304.883, 'eval_steps_per_second': 38.415, 'epoch': 5.0}
2025-05-13 13:20:54,498 - INFO - Trial 2 | Params: {'learning_rate': 3.8123661583077944e-06, 'batch_size': 8, 'num_train_epochs': 4, 'weight_decay': 0.0736598149513174} | Metrics: {'eval_loss': 0.22210469841957092, 'eval_precision': 0.8345032197379137, 'eval_recall': 0.9029412940322848, 'eval_f1': 0.8443187183977608, 'eval_accuracy': 0.9760932244113407, 'eval_runtime': 1.6425, 'eval_samples_per_second': 304.417, 'eval_steps_per_second': 38.357, 'epoch': 4.0}
2025-05-13 13:22:39,432 - INFO - Trial 3 | Params: {'learning_rate': 4.7515686162308194e-05, 'batch_size': 8, 'num_train_epochs': 3, 'weight_decay': 0.03930918293006194} | Metrics: {'eval_loss': 0.16113494336605072, 'eval_precision': 0.8697013834382844, 'eval_recall': 0.9208700547211061, 'eval_f1': 0.8813288157094611, 'eval_accuracy': 0.9816194137433926, 'eval_runtime': 1.641, 'eval_samples_per_second': 304.699, 'eval_steps_per_second': 38.392, 'epoch': 3.0}
2025-05-13 13:25:32,671 - INFO - Trial 4 | Params: {'learning_rate': 4.94244623310413e-06, 'batch_size': 8, 'num_train_epochs': 5, 'weight_decay': 0.011220418681052037} | Metrics: {'eval_loss': 0.15671300888061523, 'eval_precision': 0.8787160907215572, 'eval_recall': 0.9165016316871517, 'eval_f1': 0.8833368241034956, 'eval_accuracy': 0.9811388755406055, 'eval_runtime': 1.6427, 'eval_samples_per_second': 304.385, 'eval_steps_per_second': 38.353, 'epoch': 5.0}
2025-05-13 13:26:59,312 - INFO - Trial 5 | Params: {'learning_rate': 1.729286720768119e-06, 'batch_size': 16, 'num_train_epochs': 3, 'weight_decay': 0.03160704850635756} | Metrics: {'eval_loss': 0.2093459814786911, 'eval_precision': 0.8806157071432538, 'eval_recall': 0.9167957427699666, 'eval_f1': 0.8859124199921319, 'eval_accuracy': 0.9819798173954829, 'eval_runtime': 1.5439, 'eval_samples_per_second': 323.845, 'eval_steps_per_second': 20.726, 'epoch': 3.0}
2025-05-13 13:30:26,897 - INFO - Trial 6 | Params: {'learning_rate': 6.060194827872888e-05, 'batch_size': 8, 'num_train_epochs': 6, 'weight_decay': 0.0793389295055566} | Metrics: {'eval_loss': 0.24680139124393463, 'eval_precision': 0.8846447415729742, 'eval_recall': 0.8965556862602129, 'eval_f1': 0.8868933196865441, 'eval_accuracy': 0.9803580009610764, 'eval_runtime': 1.6415, 'eval_samples_per_second': 304.599, 'eval_steps_per_second': 38.379, 'epoch': 6.0}
2025-05-13 13:33:20,231 - INFO - Trial 7 | Params: {'learning_rate': 5.8814621122194156e-06, 'batch_size': 8, 'num_train_epochs': 5, 'weight_decay': 0.027904657466268128} | Metrics: {'eval_loss': 0.2638714015483856, 'eval_precision': 0.8835167469432419, 'eval_recall': 0.8969868888197586, 'eval_f1': 0.8859061629239193, 'eval_accuracy': 0.9810788082652571, 'eval_runtime': 1.637, 'eval_samples_per_second': 305.444, 'eval_steps_per_second': 38.486, 'epoch': 5.0}
2025-05-13 13:34:36,721 - INFO - Trial 8 | Params: {'learning_rate': 1.203265125512187e-06, 'batch_size': 32, 'num_train_epochs': 3, 'weight_decay': 0.01864214435226899} | Metrics: {'eval_loss': 0.3849283456802368, 'eval_precision': 0.8796175174108758, 'eval_recall': 0.8972339981886306, 'eval_f1': 0.8846784074282212, 'eval_accuracy': 0.9811989428159539, 'eval_runtime': 1.4594, 'eval_samples_per_second': 342.607, 'eval_steps_per_second': 10.963, 'epoch': 3.0}
2025-05-13 13:36:45,537 - INFO - Trial 9 | Params: {'learning_rate': 1.2653906850404561e-05, 'batch_size': 32, 'num_train_epochs': 5, 'weight_decay': 0.08099928883225566} | Metrics: {'eval_loss': 0.4693675637245178, 'eval_precision': 0.8749073281268075, 'eval_recall': 0.8881627795756323, 'eval_f1': 0.8781202723911821, 'eval_accuracy': 0.9818596828447862, 'eval_runtime': 1.4583, 'eval_samples_per_second': 342.872, 'eval_steps_per_second': 10.972, 'epoch': 5.0}
2025-05-13 13:36:45,538 - INFO - Best hyperparameters: {'learning_rate': 6.060194827872888e-05, 'batch_size': 8, 'num_train_epochs': 6, 'weight_decay': 0.0793389295055566}

2025-05-13 16:46:19,177 - INFO - Dataset UD_Chinese-GSD | Language: ch | Original: False
2025-05-13 16:46:20,339 - INFO - ========================================
2025-05-13 16:46:20,340 - INFO - ========================================
2025-05-13 16:46:20,341 - INFO - ****************************************
2025-05-13 16:49:55,983 - INFO - Validation metrics: {'eval_loss': 0.0722869411110878, 'eval_precision': 0.8728866797806398, 'eval_recall': 0.9773072422167675, 'eval_f1': 0.899904866542284, 'eval_accuracy': 0.981379144641999, 'eval_runtime': 1.6447, 'eval_samples_per_second': 304.004, 'eval_steps_per_second': 38.304, 'epoch': 6.0}
2025-05-13 16:49:57,614 - INFO - Test metrics: {'eval_loss': 0.13335663080215454, 'eval_precision': 0.923002995161814, 'eval_recall': 0.9572533893985407, 'eval_f1': 0.936857910665591, 'eval_accuracy': 0.9819093563539418, 'eval_runtime': 1.6303, 'eval_samples_per_second': 306.696, 'eval_steps_per_second': 38.644, 'epoch': 6.0}
