2025-05-13 13:12:50,385 - INFO - Dataset UD_Bulgarian-BTB | Language: bg | Original: False
2025-05-13 13:12:51,890 - INFO - ========================================
2025-05-13 13:12:51,891 - INFO - ========================================
2025-05-13 13:12:51,892 - INFO - ****************************************
2025-05-13 13:18:37,887 - INFO - Trial 0 | Params: {'learning_rate': 7.797048532877692e-05, 'batch_size': 32, 'num_train_epochs': 6, 'weight_decay': 0.047537124558622815} | Metrics: {'eval_loss': 0.20334631204605103, 'eval_precision': 0.9066458027135355, 'eval_recall': 0.9113717293984099, 'eval_f1': 0.9089475803475198, 'eval_accuracy': 0.980669447553159, 'eval_runtime': 3.033, 'eval_samples_per_second': 367.618, 'eval_steps_per_second': 11.54, 'epoch': 6.0}
2025-05-13 13:24:14,474 - INFO - Trial 1 | Params: {'learning_rate': 6.707216073336406e-05, 'batch_size': 32, 'num_train_epochs': 6, 'weight_decay': 0.055758947774414626} | Metrics: {'eval_loss': 0.19044804573059082, 'eval_precision': 0.9213479205409295, 'eval_recall': 0.9391373920090799, 'eval_f1': 0.9293384413279921, 'eval_accuracy': 0.980669447553159, 'eval_runtime': 3.0359, 'eval_samples_per_second': 367.277, 'eval_steps_per_second': 11.529, 'epoch': 6.0}
2025-05-13 13:28:30,855 - INFO - Trial 2 | Params: {'learning_rate': 4.542400971751368e-06, 'batch_size': 16, 'num_train_epochs': 4, 'weight_decay': 0.05309409301544687} | Metrics: {'eval_loss': 0.21452081203460693, 'eval_precision': 0.9319813969117287, 'eval_recall': 0.9358639801898445, 'eval_f1': 0.9338698069318984, 'eval_accuracy': 0.9817885848000814, 'eval_runtime': 3.2357, 'eval_samples_per_second': 344.592, 'eval_steps_per_second': 21.634, 'epoch': 4.0}
2025-05-13 13:32:17,430 - INFO - Trial 3 | Params: {'learning_rate': 5.2804818032788736e-05, 'batch_size': 32, 'num_train_epochs': 4, 'weight_decay': 0.04362512476488762} | Metrics: {'eval_loss': 0.36519983410835266, 'eval_precision': 0.9120958242573981, 'eval_recall': 0.9154789208647571, 'eval_f1': 0.9137233521028179, 'eval_accuracy': 0.9810764065520399, 'eval_runtime': 3.0368, 'eval_samples_per_second': 367.166, 'eval_steps_per_second': 11.525, 'epoch': 4.0}
2025-05-13 13:36:57,239 - INFO - Trial 4 | Params: {'learning_rate': 1.559124716237787e-06, 'batch_size': 32, 'num_train_epochs': 5, 'weight_decay': 0.01833617756928486} | Metrics: {'eval_loss': 0.3511265814304352, 'eval_precision': 0.9147921882943767, 'eval_recall': 0.9155549837143544, 'eval_f1': 0.9151652634367439, 'eval_accuracy': 0.9816868450503612, 'eval_runtime': 3.0265, 'eval_samples_per_second': 368.408, 'eval_steps_per_second': 11.564, 'epoch': 5.0}
2025-05-13 13:40:10,042 - INFO - Trial 5 | Params: {'learning_rate': 9.274827986232126e-06, 'batch_size': 16, 'num_train_epochs': 3, 'weight_decay': 0.055479534620503826} | Metrics: {'eval_loss': 0.31507861614227295, 'eval_precision': 0.9171127814896385, 'eval_recall': 0.9164120130067035, 'eval_f1': 0.9167430154944564, 'eval_accuracy': 0.9829585919218639, 'eval_runtime': 3.2245, 'eval_samples_per_second': 345.792, 'eval_steps_per_second': 21.709, 'epoch': 3.0}
2025-05-13 13:43:56,118 - INFO - Trial 6 | Params: {'learning_rate': 7.016106627787513e-06, 'batch_size': 32, 'num_train_epochs': 4, 'weight_decay': 0.08184345447747099} | Metrics: {'eval_loss': 0.4218376576900482, 'eval_precision': 0.9164299965522429, 'eval_recall': 0.9161945645471288, 'eval_f1': 0.916297617477054, 'eval_accuracy': 0.982500763048123, 'eval_runtime': 3.0485, 'eval_samples_per_second': 365.751, 'eval_steps_per_second': 11.481, 'epoch': 4.0}
2025-05-13 13:50:15,785 - INFO - Trial 7 | Params: {'learning_rate': 2.968690505020992e-06, 'batch_size': 16, 'num_train_epochs': 6, 'weight_decay': 0.04725356527339335} | Metrics: {'eval_loss': 0.3723165988922119, 'eval_precision': 0.9165554683540581, 'eval_recall': 0.9160443864430838, 'eval_f1': 0.9162846861487685, 'eval_accuracy': 0.982500763048123, 'eval_runtime': 3.2119, 'eval_samples_per_second': 347.148, 'eval_steps_per_second': 21.794, 'epoch': 6.0}
2025-05-13 13:56:52,879 - INFO - Trial 8 | Params: {'learning_rate': 4.781977627480361e-05, 'batch_size': 8, 'num_train_epochs': 5, 'weight_decay': 0.017333551714633768} | Metrics: {'eval_loss': 0.2565772831439972, 'eval_precision': 0.906752496701237, 'eval_recall': 0.9148177994377948, 'eval_f1': 0.9106725479838627, 'eval_accuracy': 0.9785329128090345, 'eval_runtime': 3.421, 'eval_samples_per_second': 325.93, 'eval_steps_per_second': 40.924, 'epoch': 5.0}
2025-05-13 14:00:05,617 - INFO - Trial 9 | Params: {'learning_rate': 1.0833097658169708e-05, 'batch_size': 16, 'num_train_epochs': 3, 'weight_decay': 0.07786600943845125} | Metrics: {'eval_loss': 0.3808327913284302, 'eval_precision': 0.9141605283845535, 'eval_recall': 0.915591656899653, 'eval_f1': 0.914823597053633, 'eval_accuracy': 0.9828059822972836, 'eval_runtime': 3.2198, 'eval_samples_per_second': 346.294, 'eval_steps_per_second': 21.74, 'epoch': 3.0}
2025-05-13 14:00:05,619 - INFO - Best hyperparameters: {'learning_rate': 4.542400971751368e-06, 'batch_size': 16, 'num_train_epochs': 4, 'weight_decay': 0.05309409301544687}

2025-05-13 16:29:08,062 - INFO - Dataset UD_Bulgarian-BTB | Language: bg | Original: False
2025-05-13 16:29:09,556 - INFO - ========================================
2025-05-13 16:29:09,557 - INFO - ========================================
2025-05-13 16:29:09,558 - INFO - ****************************************
2025-05-13 16:33:38,243 - INFO - Validation metrics: {'eval_loss': 0.210567906498909, 'eval_precision': 0.881446855913845, 'eval_recall': 0.9058531286621374, 'eval_f1': 0.8926902175971434, 'eval_accuracy': 0.9733441855733035, 'eval_runtime': 3.359, 'eval_samples_per_second': 331.94, 'eval_steps_per_second': 20.839, 'epoch': 4.0}
2025-05-13 16:33:41,601 - INFO - Test metrics: {'eval_loss': 0.21494214236736298, 'eval_precision': 0.9114257356569218, 'eval_recall': 0.952810401151022, 'eval_f1': 0.9284517054660175, 'eval_accuracy': 0.9744704798935844, 'eval_runtime': 3.3574, 'eval_samples_per_second': 332.399, 'eval_steps_per_second': 20.849, 'epoch': 4.0}

