2025-05-14 14:00:13,343 - INFO - Dataset UD_Chinese-GSD | Language: ch | Original: True
2025-05-14 14:00:13,895 - INFO - ========================================
2025-05-14 14:00:13,896 - INFO - ========================================
2025-05-14 14:00:13,897 - INFO - ****************************************
2025-05-14 14:02:14,321 - INFO - Trial 0 | Params: {'learning_rate': 5.460137244237819e-05, 'batch_size': 16, 'num_train_epochs': 4, 'weight_decay': 0.053200615073526414} | Metrics: {'eval_loss': 0.15170493721961975, 'eval_precision': 0.890229359152547, 'eval_recall': 0.9582317967593172, 'eval_f1': 0.9177827934744986, 'eval_accuracy': 0.947078857741682, 'eval_runtime': 1.5217, 'eval_samples_per_second': 328.569, 'eval_steps_per_second': 21.028, 'epoch': 4.0}
2025-05-14 14:03:56,468 - INFO - Trial 1 | Params: {'learning_rate': 1.8044882218893535e-06, 'batch_size': 32, 'num_train_epochs': 4, 'weight_decay': 0.0505781633071006} | Metrics: {'eval_loss': 0.15308885276317596, 'eval_precision': 0.8982163111232631, 'eval_recall': 0.9612999519544516, 'eval_f1': 0.923798237387945, 'eval_accuracy': 0.9506418653392716, 'eval_runtime': 1.4353, 'eval_samples_per_second': 348.36, 'eval_steps_per_second': 11.148, 'epoch': 4.0}
2025-05-14 14:05:22,065 - INFO - Trial 2 | Params: {'learning_rate': 4.2332208753033056e-06, 'batch_size': 16, 'num_train_epochs': 3, 'weight_decay': 0.017936530637741352} | Metrics: {'eval_loss': 0.1697881817817688, 'eval_precision': 0.9065448332513035, 'eval_recall': 0.960515049243879, 'eval_f1': 0.9279977028239351, 'eval_accuracy': 0.9539952842546503, 'eval_runtime': 1.5216, 'eval_samples_per_second': 328.598, 'eval_steps_per_second': 21.03, 'epoch': 3.0}
2025-05-14 14:08:12,842 - INFO - Trial 3 | Params: {'learning_rate': 2.6641361790642713e-06, 'batch_size': 8, 'num_train_epochs': 5, 'weight_decay': 0.03373000760223963} | Metrics: {'eval_loss': 0.17262786626815796, 'eval_precision': 0.9077904269080583, 'eval_recall': 0.9611328026335646, 'eval_f1': 0.9289039233139218, 'eval_accuracy': 0.9551480220068116, 'eval_runtime': 1.6127, 'eval_samples_per_second': 310.045, 'eval_steps_per_second': 39.066, 'epoch': 5.0}
2025-05-14 14:10:06,425 - INFO - Trial 4 | Params: {'learning_rate': 2.912702018931082e-05, 'batch_size': 16, 'num_train_epochs': 4, 'weight_decay': 0.018331141515210675} | Metrics: {'eval_loss': 0.21836639940738678, 'eval_precision': 0.9068111827045637, 'eval_recall': 0.9518914968097696, 'eval_f1': 0.9250656126778752, 'eval_accuracy': 0.9568247314645009, 'eval_runtime': 1.5212, 'eval_samples_per_second': 328.68, 'eval_steps_per_second': 21.036, 'epoch': 4.0}
2025-05-14 14:12:55,886 - INFO - Trial 5 | Params: {'learning_rate': 1.743702549830637e-05, 'batch_size': 16, 'num_train_epochs': 6, 'weight_decay': 0.06890909041221185} | Metrics: {'eval_loss': 0.27244073152542114, 'eval_precision': 0.9273087319198324, 'eval_recall': 0.9535971619130759, 'eval_f1': 0.9396799635421741, 'eval_accuracy': 0.9570867173172649, 'eval_runtime': 1.5266, 'eval_samples_per_second': 327.531, 'eval_steps_per_second': 20.962, 'epoch': 6.0}
2025-05-14 14:14:39,545 - INFO - Trial 6 | Params: {'learning_rate': 3.278747321763354e-05, 'batch_size': 8, 'num_train_epochs': 3, 'weight_decay': 0.056607542124224884} | Metrics: {'eval_loss': 0.266572505235672, 'eval_precision': 0.929206177029653, 'eval_recall': 0.9560795871649892, 'eval_f1': 0.9413899580682055, 'eval_accuracy': 0.9529997380141473, 'eval_runtime': 1.6191, 'eval_samples_per_second': 308.815, 'eval_steps_per_second': 38.911, 'epoch': 3.0}
2025-05-14 14:15:55,253 - INFO - Trial 7 | Params: {'learning_rate': 5.607205497285367e-06, 'batch_size': 32, 'num_train_epochs': 3, 'weight_decay': 0.060368204577785065} | Metrics: {'eval_loss': 0.2591925263404846, 'eval_precision': 0.9449621868824215, 'eval_recall': 0.9610592738900068, 'eval_f1': 0.9526928810401544, 'eval_accuracy': 0.9555148022006812, 'eval_runtime': 1.4338, 'eval_samples_per_second': 348.724, 'eval_steps_per_second': 11.159, 'epoch': 3.0}
2025-05-14 14:18:27,058 - INFO - Trial 8 | Params: {'learning_rate': 9.206036441459802e-06, 'batch_size': 32, 'num_train_epochs': 6, 'weight_decay': 0.04008565910149248} | Metrics: {'eval_loss': 0.2902310788631439, 'eval_precision': 0.9336752366882584, 'eval_recall': 0.96082138202777, 'eval_f1': 0.9462851523637558, 'eval_accuracy': 0.9568771286350537, 'eval_runtime': 1.4386, 'eval_samples_per_second': 347.567, 'eval_steps_per_second': 11.122, 'epoch': 6.0}
2025-05-14 14:20:44,461 - INFO - Trial 9 | Params: {'learning_rate': 1.955973945431307e-05, 'batch_size': 8, 'num_train_epochs': 4, 'weight_decay': 0.08959169484066953} | Metrics: {'eval_loss': 0.2924816310405731, 'eval_precision': 0.9280061870136032, 'eval_recall': 0.9616783922927146, 'eval_f1': 0.9432720121856024, 'eval_accuracy': 0.9568771286350537, 'eval_runtime': 1.6236, 'eval_samples_per_second': 307.966, 'eval_steps_per_second': 38.804, 'epoch': 4.0}
2025-05-14 14:20:44,462 - INFO - Best hyperparameters: {'learning_rate': 5.607205497285367e-06, 'batch_size': 32, 'num_train_epochs': 3, 'weight_decay': 0.060368204577785065}
2025-05-14 14:33:31,668 - INFO - Dataset UD_Chinese-GSD | Language: ch | Original: True
2025-05-14 14:33:32,243 - INFO - ========================================
2025-05-14 14:33:32,244 - INFO - ========================================
2025-05-14 14:33:32,245 - INFO - ****************************************
2025-05-14 14:34:55,923 - INFO - Validation metrics: {'eval_loss': 0.5316610336303711, 'eval_precision': 0.7388702071482764, 'eval_recall': 0.8540937982134655, 'eval_f1': 0.7811137604943519, 'eval_accuracy': 0.8383023316740896, 'eval_runtime': 1.5082, 'eval_samples_per_second': 331.525, 'eval_steps_per_second': 10.609, 'epoch': 3.0}
2025-05-14 14:34:57,398 - INFO - Test metrics: {'eval_loss': 0.43780219554901123, 'eval_precision': 0.7635848219622396, 'eval_recall': 0.879144519505775, 'eval_f1': 0.8038294868239686, 'eval_accuracy': 0.8569146005509641, 'eval_runtime': 1.4743, 'eval_samples_per_second': 339.142, 'eval_steps_per_second': 10.853, 'epoch': 3.0}
