2025-05-14 15:17:27,961 - INFO - Dataset PoSTWITA-UD | Language: it | Original: True
2025-05-14 15:17:28,569 - INFO - ========================================
2025-05-14 15:17:28,570 - INFO - ========================================
2025-05-14 15:17:28,571 - INFO - ****************************************
2025-05-14 15:19:59,324 - INFO - Trial 0 | Params: {'learning_rate': 1.1069640226375758e-06, 'batch_size': 8, 'num_train_epochs': 3, 'weight_decay': 0.05114342749558366} | Metrics: {'eval_loss': 1.6911263465881348, 'eval_precision': 0.5153095657407799, 'eval_recall': 0.5437552624480954, 'eval_f1': 0.46637536464109675, 'eval_accuracy': 0.6183354375060697, 'eval_runtime': 2.1724, 'eval_samples_per_second': 308.416, 'eval_steps_per_second': 38.667, 'epoch': 3.0}
2025-05-14 15:22:22,456 - INFO - Trial 1 | Params: {'learning_rate': 7.099797140029678e-06, 'batch_size': 8, 'num_train_epochs': 3, 'weight_decay': 0.0809328910180607} | Metrics: {'eval_loss': 0.2815285623073578, 'eval_precision': 0.8820512529217406, 'eval_recall': 0.9238098061976363, 'eval_f1': 0.8997800471417128, 'eval_accuracy': 0.9416820433135865, 'eval_runtime': 2.1652, 'eval_samples_per_second': 309.442, 'eval_steps_per_second': 38.796, 'epoch': 3.0}
2025-05-14 15:27:04,365 - INFO - Trial 2 | Params: {'learning_rate': 3.906238906511094e-06, 'batch_size': 8, 'num_train_epochs': 6, 'weight_decay': 0.07564309335629134} | Metrics: {'eval_loss': 0.2664225399494171, 'eval_precision': 0.9123498102409288, 'eval_recall': 0.9350829745861468, 'eval_f1': 0.9226957308740469, 'eval_accuracy': 0.9554724677090415, 'eval_runtime': 2.1755, 'eval_samples_per_second': 307.97, 'eval_steps_per_second': 38.611, 'epoch': 6.0}
2025-05-14 15:30:12,657 - INFO - Trial 3 | Params: {'learning_rate': 1.1082703682863566e-06, 'batch_size': 8, 'num_train_epochs': 4, 'weight_decay': 0.062185021780651786} | Metrics: {'eval_loss': 0.2864687442779541, 'eval_precision': 0.9203369393462592, 'eval_recall': 0.9354742302172434, 'eval_f1': 0.9273959810596001, 'eval_accuracy': 0.9578518014955812, 'eval_runtime': 2.1681, 'eval_samples_per_second': 309.024, 'eval_steps_per_second': 38.743, 'epoch': 4.0}
2025-05-14 15:32:10,428 - INFO - Trial 4 | Params: {'learning_rate': 2.0806669951241012e-05, 'batch_size': 16, 'num_train_epochs': 3, 'weight_decay': 0.02059642671559779} | Metrics: {'eval_loss': 0.28010550141334534, 'eval_precision': 0.9257170212997659, 'eval_recall': 0.939745472864681, 'eval_f1': 0.9322153453265246, 'eval_accuracy': 0.9609109449354181, 'eval_runtime': 2.0405, 'eval_samples_per_second': 328.345, 'eval_steps_per_second': 20.583, 'epoch': 3.0}
2025-05-14 15:35:18,771 - INFO - Trial 5 | Params: {'learning_rate': 7.343763004247498e-06, 'batch_size': 8, 'num_train_epochs': 4, 'weight_decay': 0.07745929187055979} | Metrics: {'eval_loss': 0.31556618213653564, 'eval_precision': 0.9316763433119687, 'eval_recall': 0.9393111081667339, 'eval_f1': 0.9349536594181918, 'eval_accuracy': 0.9624162377391473, 'eval_runtime': 2.1669, 'eval_samples_per_second': 309.191, 'eval_steps_per_second': 38.764, 'epoch': 4.0}
2025-05-14 15:37:41,854 - INFO - Trial 6 | Params: {'learning_rate': 6.297559027217414e-05, 'batch_size': 8, 'num_train_epochs': 3, 'weight_decay': 0.08326015476798793} | Metrics: {'eval_loss': 0.3088151216506958, 'eval_precision': 0.9313863592023383, 'eval_recall': 0.9433645032235108, 'eval_f1': 0.9369658850189175, 'eval_accuracy': 0.9642614353695251, 'eval_runtime': 2.1722, 'eval_samples_per_second': 308.45, 'eval_steps_per_second': 38.671, 'epoch': 3.0}
2025-05-14 15:40:04,808 - INFO - Trial 7 | Params: {'learning_rate': 1.2971491080861485e-05, 'batch_size': 8, 'num_train_epochs': 3, 'weight_decay': 0.06551822400599126} | Metrics: {'eval_loss': 0.35884204506874084, 'eval_precision': 0.9490583718306589, 'eval_recall': 0.9426312056492868, 'eval_f1': 0.9454017192760493, 'eval_accuracy': 0.9691172186073613, 'eval_runtime': 2.1707, 'eval_samples_per_second': 308.656, 'eval_steps_per_second': 38.697, 'epoch': 3.0}
2025-05-14 15:41:50,187 - INFO - Trial 8 | Params: {'learning_rate': 1.7335420730157442e-05, 'batch_size': 32, 'num_train_epochs': 3, 'weight_decay': 0.013868471524862827} | Metrics: {'eval_loss': 0.38606953620910645, 'eval_precision': 0.9473160451794499, 'eval_recall': 0.9431325882318333, 'eval_f1': 0.9449601977799627, 'eval_accuracy': 0.9684374089540643, 'eval_runtime': 1.9246, 'eval_samples_per_second': 348.133, 'eval_steps_per_second': 10.912, 'epoch': 3.0}
2025-05-14 15:45:03,099 - INFO - Trial 9 | Params: {'learning_rate': 4.285109147265024e-05, 'batch_size': 16, 'num_train_epochs': 5, 'weight_decay': 0.09357569680001776} | Metrics: {'eval_loss': 0.36987048387527466, 'eval_precision': 0.9482634168998713, 'eval_recall': 0.946524881087556, 'eval_f1': 0.9470933814008776, 'eval_accuracy': 0.9679518306302807, 'eval_runtime': 2.0401, 'eval_samples_per_second': 328.42, 'eval_steps_per_second': 20.587, 'epoch': 5.0}
2025-05-14 15:45:03,101 - INFO - Best hyperparameters: {'learning_rate': 4.285109147265024e-05, 'batch_size': 16, 'num_train_epochs': 5, 'weight_decay': 0.09357569680001776}
2025-05-14 15:54:22,335 - INFO - Dataset PoSTWITA-UD | Language: it | Original: True
2025-05-14 15:54:22,976 - INFO - ========================================
2025-05-14 15:54:22,977 - INFO - ========================================
2025-05-14 15:54:22,978 - INFO - ****************************************
2025-05-14 15:57:44,439 - INFO - Validation metrics: {'eval_loss': 0.23812569677829742, 'eval_precision': 0.9151468888360098, 'eval_recall': 0.9367628616666894, 'eval_f1': 0.9241613082576903, 'eval_accuracy': 0.9562493930270952, 'eval_runtime': 2.0469, 'eval_samples_per_second': 327.318, 'eval_steps_per_second': 20.518, 'epoch': 5.0}
2025-05-14 15:57:46,507 - INFO - Test metrics: {'eval_loss': 0.2860734462738037, 'eval_precision': 0.9256394082584658, 'eval_recall': 0.9410840366217987, 'eval_f1': 0.9328469096342351, 'eval_accuracy': 0.962056244909692, 'eval_runtime': 2.0671, 'eval_samples_per_second': 326.061, 'eval_steps_per_second': 20.802, 'epoch': 5.0}
